main.c:142:5:main	16	static
main.c:215:13:MX_ADC1_Init	48	static
main.c:280:13:MX_ADC3_Init	40	static
main.c:337:13:MX_DFSDM1_Init	8	static
main.c:409:13:MX_ETH_Init	8	static
main.c:458:13:MX_HDMI_CEC_Init	8	static
main.c:494:13:MX_QUADSPI_Init	8	static
main.c:528:13:MX_RTC_Init	48	static
main.c:580:13:MX_SAI1_Init	8	static
main.c:649:13:MX_SDMMC1_SD_Init	8	static
main.c:680:13:MX_SPDIFRX1_Init	8	static
main.c:718:13:MX_SPI2_Init	8	static
main.c:766:13:MX_SPI5_Init	8	static
main.c:814:13:MX_TIM8_Init	96	static
main.c:884:13:MX_TIM13_Init	24	static
main.c:929:13:MX_USART1_UART_Init	8	static
main.c:977:13:MX_USB_OTG_HS_PCD_Init	8	static
main.c:1009:6:MX_FMC_Init	40	static
main.c:1060:13:MX_GPIO_Init	56	static
main.c:1086:6:Error_Handler	4	static,ignoring_inline_asm
