stm32h7xx_hal_msp.c:65:6:HAL_MspInit	16	static
stm32h7xx_hal_msp.c:86:6:HAL_ADC_MspInit	56	static
stm32h7xx_hal_msp.c:147:6:HAL_ADC_MspDeInit	16	static
stm32h7xx_hal_msp.c:190:6:HAL_DFSDM_ChannelMspInit	248	static
stm32h7xx_hal_msp.c:255:6:HAL_DFSDM_ChannelMspDeInit	16	static
stm32h7xx_hal_msp.c:291:6:HAL_ETH_MspInit	64	static
stm32h7xx_hal_msp.c:352:6:HAL_ETH_MspDeInit	16	static
stm32h7xx_hal_msp.c:394:6:HAL_CEC_MspInit	240	static
stm32h7xx_hal_msp.c:442:6:HAL_CEC_MspDeInit	16	static
stm32h7xx_hal_msp.c:472:6:HAL_QSPI_MspInit	256	static
stm32h7xx_hal_msp.c:572:6:HAL_QSPI_MspDeInit	16	static
stm32h7xx_hal_msp.c:617:6:HAL_RTC_MspInit	208	static
stm32h7xx_hal_msp.c:649:6:HAL_RTC_MspDeInit	16	static
stm32h7xx_hal_msp.c:671:6:HAL_SD_MspInit	240	static
stm32h7xx_hal_msp.c:730:6:HAL_SD_MspDeInit	16	static
stm32h7xx_hal_msp.c:766:6:HAL_SPDIFRX_MspInit	240	static
stm32h7xx_hal_msp.c:811:6:HAL_SPDIFRX_MspDeInit	16	static
stm32h7xx_hal_msp.c:839:6:HAL_SPI_MspInit	256	static
stm32h7xx_hal_msp.c:939:6:HAL_SPI_MspDeInit	16	static
stm32h7xx_hal_msp.c:994:6:HAL_TIM_OC_MspInit	24	static
stm32h7xx_hal_msp.c:1016:6:HAL_TIM_Base_MspInit	48	static
stm32h7xx_hal_msp.c:1045:6:HAL_TIM_MspPostInit	40	static
stm32h7xx_hal_msp.c:1078:6:HAL_TIM_OC_MspDeInit	16	static
stm32h7xx_hal_msp.c:1100:6:HAL_TIM_Base_MspDeInit	16	static
stm32h7xx_hal_msp.c:1128:6:HAL_UART_MspInit	240	static
stm32h7xx_hal_msp.c:1174:6:HAL_UART_MspDeInit	16	static
stm32h7xx_hal_msp.c:1203:6:HAL_PCD_MspInit	256	static
stm32h7xx_hal_msp.c:1295:6:HAL_PCD_MspDeInit	16	static
stm32h7xx_hal_msp.c:1340:13:HAL_FMC_MspInit	224	static
stm32h7xx_hal_msp.c:1479:6:HAL_SDRAM_MspInit	16	static
stm32h7xx_hal_msp.c:1491:13:HAL_FMC_MspDeInit	8	static
stm32h7xx_hal_msp.c:1588:6:HAL_SDRAM_MspDeInit	16	static
stm32h7xx_hal_msp.c:1600:6:HAL_SAI_MspInit	240	static
stm32h7xx_hal_msp.c:1676:6:HAL_SAI_MspDeInit	16	static
