15:25:05 **** Incremental Build of configuration Debug for project abinolurcalis2_CM7 ****
make -j12 all 
arm-none-eabi-gcc "../Core/Src/main.c" -mcpu=cortex-m7 -std=gnu11 -g3 -DDEBUG -DCORE_CM7 -DUSE_HAL_DRIVER -DSTM32H747xx -c -I../Core/Inc -I../../Drivers/STM32H7xx_HAL_Driver/Inc -I../../Drivers/STM32H7xx_HAL_Driver/Inc/Legacy -I../../Drivers/CMSIS/Device/ST/STM32H7xx/Include -I../../Drivers/CMSIS/Include -O0 -ffunction-sections -fdata-sections -Wall -fstack-usage -MMD -MP -MF"Core/Src/main.d" -MT"Core/Src/main.o" --specs=nano.specs -mfpu=fpv5-d16 -mfloat-abi=hard -mthumb -o "Core/Src/main.o"
arm-none-eabi-gcc -o "abinolurcalis2_CM7.elf" @"objects.list"   -mcpu=cortex-m7 -T"C:\Users\Yusuf\STM32CubeIDE\workspace_1.8.0\abinolurcalis2\CM7\STM32H747XIHX_FLASH.ld" --specs=nosys.specs -Wl,-Map="abinolurcalis2_CM7.map" -Wl,--gc-sections -static --specs=nano.specs -mfpu=fpv5-d16 -mfloat-abi=hard -mthumb -Wl,--start-group -lc -lm -Wl,--end-group
Finished building target: abinolurcalis2_CM7.elf
 
arm-none-eabi-size   abinolurcalis2_CM7.elf 
arm-none-eabi-objdump -h -S  abinolurcalis2_CM7.elf  > "abinolurcalis2_CM7.list"
arm-none-eabi-objcopy  -O binary  abinolurcalis2_CM7.elf  "abinolurcalis2_CM7.bin"
   text	   data	    bss	    dec	    hex	filename
  20120	     24	   1712	  21856	   5560	abinolurcalis2_CM7.elf
Finished building: default.size.stdout
 
Finished building: abinolurcalis2_CM7.bin
 
Finished building: abinolurcalis2_CM7.list
 

15:25:06 Build Finished. 0 errors, 0 warnings. (took 977ms)

