main.c:146:5:main	16	static
main.c:221:13:MX_ADC1_Init	48	static
main.c:286:13:MX_ADC3_Init	40	static
main.c:343:13:MX_DFSDM1_Init	8	static
main.c:415:13:MX_ETH_Init	8	static
main.c:464:13:MX_HDMI_CEC_Init	8	static
main.c:500:13:MX_QUADSPI_Init	8	static
main.c:534:13:MX_RTC_Init	48	static
main.c:586:13:MX_SAI1_Init	8	static
main.c:655:13:MX_SDMMC1_SD_Init	8	static
main.c:686:13:MX_SPDIFRX1_Init	8	static
main.c:724:13:MX_SPI2_Init	8	static
main.c:772:13:MX_SPI5_Init	8	static
main.c:820:13:MX_TIM8_Init	96	static
main.c:890:13:MX_TIM13_Init	24	static
main.c:935:13:MX_UART8_Init	8	static
main.c:983:13:MX_USART1_UART_Init	8	static
main.c:1031:13:MX_USART2_UART_Init	8	static
main.c:1079:13:MX_USB_OTG_HS_PCD_Init	8	static
main.c:1111:6:MX_FMC_Init	40	static
main.c:1162:13:MX_GPIO_Init	56	static
main.c:1188:6:Error_Handler	4	static,ignoring_inline_asm
